Archive member included to satisfy reference by file (symbol)

c:/st/stm32cubeide_1.7.0/stm32cubeide/plugins/com.st.stm32cube.ide.mcu.externaltools.gnu-tools-for-stm32.9-2020-q2-update.win32_2.0.0.202105311346/tools/bin/../lib/gcc/arm-none-eabi/9.3.1/../../../../arm-none-eabi/lib/thumb/v7-m/nofp\libc_nano.a(lib_a-errno.o)
                              ./Core/Src/syscalls.o (__errno)
c:/st/stm32cubeide_1.7.0/stm32cubeide/plugins/com.st.stm32cube.ide.mcu.externaltools.gnu-tools-for-stm32.9-2020-q2-update.win32_2.0.0.202105311346/tools/bin/../lib/gcc/arm-none-eabi/9.3.1/../../../../arm-none-eabi/lib/thumb/v7-m/nofp\libc_nano.a(lib_a-exit.o)
                              c:/st/stm32cubeide_1.7.0/stm32cubeide/plugins/com.st.stm32cube.ide.mcu.externaltools.gnu-tools-for-stm32.9-2020-q2-update.win32_2.0.0.202105311346/tools/bin/../lib/gcc/arm-none-eabi/9.3.1/../../../../arm-none-eabi/lib/thumb/v7-m/nofp/crt0.o (exit)
c:/st/stm32cubeide_1.7.0/stm32cubeide/plugins/com.st.stm32cube.ide.mcu.externaltools.gnu-tools-for-stm32.9-2020-q2-update.win32_2.0.0.202105311346/tools/bin/../lib/gcc/arm-none-eabi/9.3.1/../../../../arm-none-eabi/lib/thumb/v7-m/nofp\libc_nano.a(lib_a-impure.o)
                              c:/st/stm32cubeide_1.7.0/stm32cubeide/plugins/com.st.stm32cube.ide.mcu.externaltools.gnu-tools-for-stm32.9-2020-q2-update.win32_2.0.0.202105311346/tools/bin/../lib/gcc/arm-none-eabi/9.3.1/../../../../arm-none-eabi/lib/thumb/v7-m/nofp\libc_nano.a(lib_a-exit.o) (_global_impure_ptr)
c:/st/stm32cubeide_1.7.0/stm32cubeide/plugins/com.st.stm32cube.ide.mcu.externaltools.gnu-tools-for-stm32.9-2020-q2-update.win32_2.0.0.202105311346/tools/bin/../lib/gcc/arm-none-eabi/9.3.1/../../../../arm-none-eabi/lib/thumb/v7-m/nofp\libc_nano.a(lib_a-init.o)
                              c:/st/stm32cubeide_1.7.0/stm32cubeide/plugins/com.st.stm32cube.ide.mcu.externaltools.gnu-tools-for-stm32.9-2020-q2-update.win32_2.0.0.202105311346/tools/bin/../lib/gcc/arm-none-eabi/9.3.1/../../../../arm-none-eabi/lib/thumb/v7-m/nofp/crt0.o (__libc_init_array)
c:/st/stm32cubeide_1.7.0/stm32cubeide/plugins/com.st.stm32cube.ide.mcu.externaltools.gnu-tools-for-stm32.9-2020-q2-update.win32_2.0.0.202105311346/tools/bin/../lib/gcc/arm-none-eabi/9.3.1/../../../../arm-none-eabi/lib/thumb/v7-m/nofp\libc_nano.a(lib_a-memset.o)
                              c:/st/stm32cubeide_1.7.0/stm32cubeide/plugins/com.st.stm32cube.ide.mcu.externaltools.gnu-tools-for-stm32.9-2020-q2-update.win32_2.0.0.202105311346/tools/bin/../lib/gcc/arm-none-eabi/9.3.1/../../../../arm-none-eabi/lib/thumb/v7-m/nofp/crt0.o (memset)

Allocating common symbols
Common symbol       size              file

uwTick              0x4               ./Drivers/STM32F1xx_HAL_Driver/Src/stm32f1xx_hal.o
pFlash              0x20              ./Drivers/STM32F1xx_HAL_Driver/Src/stm32f1xx_hal_flash.o
htim2               0x48              ./Core/Src/main.o

Discarded input sections

 .text          0x0000000000000000        0x0 c:/st/stm32cubeide_1.7.0/stm32cubeide/plugins/com.st.stm32cube.ide.mcu.externaltools.gnu-tools-for-stm32.9-2020-q2-update.win32_2.0.0.202105311346/tools/bin/../lib/gcc/arm-none-eabi/9.3.1/thumb/v7-m/nofp/crti.o
 .data          0x0000000000000000        0x0 c:/st/stm32cubeide_1.7.0/stm32cubeide/plugins/com.st.stm32cube.ide.mcu.externaltools.gnu-tools-for-stm32.9-2020-q2-update.win32_2.0.0.202105311346/tools/bin/../lib/gcc/arm-none-eabi/9.3.1/thumb/v7-m/nofp/crti.o
 .bss           0x0000000000000000        0x0 c:/st/stm32cubeide_1.7.0/stm32cubeide/plugins/com.st.stm32cube.ide.mcu.externaltools.gnu-tools-for-stm32.9-2020-q2-update.win32_2.0.0.202105311346/tools/bin/../lib/gcc/arm-none-eabi/9.3.1/thumb/v7-m/nofp/crti.o
 .data          0x0000000000000000        0x4 c:/st/stm32cubeide_1.7.0/stm32cubeide/plugins/com.st.stm32cube.ide.mcu.externaltools.gnu-tools-for-stm32.9-2020-q2-update.win32_2.0.0.202105311346/tools/bin/../lib/gcc/arm-none-eabi/9.3.1/thumb/v7-m/nofp/crtbegin.o
 .text          0x0000000000000000       0x7c c:/st/stm32cubeide_1.7.0/stm32cubeide/plugins/com.st.stm32cube.ide.mcu.externaltools.gnu-tools-for-stm32.9-2020-q2-update.win32_2.0.0.202105311346/tools/bin/../lib/gcc/arm-none-eabi/9.3.1/../../../../arm-none-eabi/lib/thumb/v7-m/nofp/crt0.o
 .data          0x0000000000000000        0x0 c:/st/stm32cubeide_1.7.0/stm32cubeide/plugins/com.st.stm32cube.ide.mcu.externaltools.gnu-tools-for-stm32.9-2020-q2-update.win32_2.0.0.202105311346/tools/bin/../lib/gcc/arm-none-eabi/9.3.1/../../../../arm-none-eabi/lib/thumb/v7-m/nofp/crt0.o
 .bss           0x0000000000000000        0x0 c:/st/stm32cubeide_1.7.0/stm32cubeide/plugins/com.st.stm32cube.ide.mcu.externaltools.gnu-tools-for-stm32.9-2020-q2-update.win32_2.0.0.202105311346/tools/bin/../lib/gcc/arm-none-eabi/9.3.1/../../../../arm-none-eabi/lib/thumb/v7-m/nofp/crt0.o
[...]
Memory Configuration

Name             Origin             Length             Attributes
RAM              0x0000000020000000 0x0000000000002800 xrw
FLASH            0x0000000008000000 0x0000000000008000 xr
*default*        0x0000000000000000 0xffffffffffffffff

Linker script and memory map

LOAD c:/st/stm32cubeide_1.7.0/stm32cubeide/plugins/com.st.stm32cube.ide.mcu.externaltools.gnu-tools-for-stm32.9-2020-q2-update.win32_2.0.0.202105311346/tools/bin/../lib/gcc/arm-none-eabi/9.3.1/thumb/v7-m/nofp/crti.o
LOAD c:/st/stm32cubeide_1.7.0/stm32cubeide/plugins/com.st.stm32cube.ide.mcu.externaltools.gnu-tools-for-stm32.9-2020-q2-update.win32_2.0.0.202105311346/tools/bin/../lib/gcc/arm-none-eabi/9.3.1/thumb/v7-m/nofp/crtbegin.o
LOAD c:/st/stm32cubeide_1.7.0/stm32cubeide/plugins/com.st.stm32cube.ide.mcu.externaltools.gnu-tools-for-stm32.9-2020-q2-update.win32_2.0.0.202105311346/tools/bin/../lib/gcc/arm-none-eabi/9.3.1/../../../../arm-none-eabi/lib/thumb/v7-m/nofp/crt0.o
LOAD ./Core/Src/button.o
LOAD ./Core/Src/fsm.o
LOAD ./Core/Src/global.o
LOAD ./Core/Src/main.o
LOAD ./Core/Src/sche.o
LOAD ./Core/Src/software_timer.o
LOAD ./Core/Src/stm32f1xx_hal_msp.o
LOAD ./Core/Src/stm32f1xx_it.o
LOAD ./Core/Src/syscalls.o
LOAD ./Core/Src/sysmem.o
LOAD ./Core/Src/system_stm32f1xx.o
LOAD ./Core/Startup/startup_stm32f103c6ux.o
LOAD ./Drivers/STM32F1xx_HAL_Driver/Src/stm32f1xx_hal.o
LOAD ./Drivers/STM32F1xx_HAL_Driver/Src/stm32f1xx_hal_cortex.o
LOAD ./Drivers/STM32F1xx_HAL_Driver/Src/stm32f1xx_hal_dma.o
LOAD ./Drivers/STM32F1xx_HAL_Driver/Src/stm32f1xx_hal_exti.o
LOAD ./Drivers/STM32F1xx_HAL_Driver/Src/stm32f1xx_hal_flash.o
LOAD ./Drivers/STM32F1xx_HAL_Driver/Src/stm32f1xx_hal_flash_ex.o
LOAD ./Drivers/STM32F1xx_HAL_Driver/Src/stm32f1xx_hal_gpio.o
LOAD ./Drivers/STM32F1xx_HAL_Driver/Src/stm32f1xx_hal_gpio_ex.o
LOAD ./Drivers/STM32F1xx_HAL_Driver/Src/stm32f1xx_hal_pwr.o
LOAD ./Drivers/STM32F1xx_HAL_Driver/Src/stm32f1xx_hal_rcc.o
LOAD ./Drivers/STM32F1xx_HAL_Driver/Src/stm32f1xx_hal_rcc_ex.o
LOAD ./Drivers/STM32F1xx_HAL_Driver/Src/stm32f1xx_hal_tim.o
LOAD ./Drivers/STM32F1xx_HAL_Driver/Src/stm32f1xx_hal_tim_ex.o
START GROUP
LOAD c:/st/stm32cubeide_1.7.0/stm32cubeide/plugins/com.st.stm32cube.ide.mcu.externaltools.gnu-tools-for-stm32.9-2020-q2-update.win32_2.0.0.202105311346/tools/bin/../lib/gcc/arm-none-eabi/9.3.1/../../../../arm-none-eabi/lib/thumb/v7-m/nofp\libc_nano.a
LOAD c:/st/stm32cubeide_1.7.0/stm32cubeide/plugins/com.st.stm32cube.ide.mcu.externaltools.gnu-tools-for-stm32.9-2020-q2-update.win32_2.0.0.202105311346/tools/bin/../lib/gcc/arm-none-eabi/9.3.1/../../../../arm-none-eabi/lib/thumb/v7-m/nofp\libm.a
END GROUP
START GROUP
LOAD c:/st/stm32cubeide_1.7.0/stm32cubeide/plugins/com.st.stm32cube.ide.mcu.externaltools.gnu-tools-for-stm32.9-2020-q2-update.win32_2.0.0.202105311346/tools/bin/../lib/gcc/arm-none-eabi/9.3.1/thumb/v7-m/nofp\libgcc.a
LOAD c:/st/stm32cubeide_1.7.0/stm32cubeide/plugins/com.st.stm32cube.ide.mcu.externaltools.gnu-tools-for-stm32.9-2020-q2-update.win32_2.0.0.202105311346/tools/bin/../lib/gcc/arm-none-eabi/9.3.1/../../../../arm-none-eabi/lib/thumb/v7-m/nofp\libc_nano.a
END GROUP
START GROUP
LOAD c:/st/stm32cubeide_1.7.0/stm32cubeide/plugins/com.st.stm32cube.ide.mcu.externaltools.gnu-tools-for-stm32.9-2020-q2-update.win32_2.0.0.202105311346/tools/bin/../lib/gcc/arm-none-eabi/9.3.1/thumb/v7-m/nofp\libgcc.a
LOAD c:/st/stm32cubeide_1.7.0/stm32cubeide/plugins/com.st.stm32cube.ide.mcu.externaltools.gnu-tools-for-stm32.9-2020-q2-update.win32_2.0.0.202105311346/tools/bin/../lib/gcc/arm-none-eabi/9.3.1/../../../../arm-none-eabi/lib/thumb/v7-m/nofp\libc_nano.a
LOAD c:/st/stm32cubeide_1.7.0/stm32cubeide/plugins/com.st.stm32cube.ide.mcu.externaltools.gnu-tools-for-stm32.9-2020-q2-update.win32_2.0.0.202105311346/tools/bin/../lib/gcc/arm-none-eabi/9.3.1/../../../../arm-none-eabi/lib/thumb/v7-m/nofp\libnosys.a
END GROUP
START GROUP
LOAD c:/st/stm32cubeide_1.7.0/stm32cubeide/plugins/com.st.stm32cube.ide.mcu.externaltools.gnu-tools-for-stm32.9-2020-q2-update.win32_2.0.0.202105311346/tools/bin/../lib/gcc/arm-none-eabi/9.3.1/thumb/v7-m/nofp\libgcc.a
LOAD c:/st/stm32cubeide_1.7.0/stm32cubeide/plugins/com.st.stm32cube.ide.mcu.externaltools.gnu-tools-for-stm32.9-2020-q2-update.win32_2.0.0.202105311346/tools/bin/../lib/gcc/arm-none-eabi/9.3.1/../../../../arm-none-eabi/lib/thumb/v7-m/nofp\libc_nano.a
LOAD c:/st/stm32cubeide_1.7.0/stm32cubeide/plugins/com.st.stm32cube.ide.mcu.externaltools.gnu-tools-for-stm32.9-2020-q2-update.win32_2.0.0.202105311346/tools/bin/../lib/gcc/arm-none-eabi/9.3.1/../../../../arm-none-eabi/lib/thumb/v7-m/nofp\libnosys.a
END GROUP
LOAD c:/st/stm32cubeide_1.7.0/stm32cubeide/plugins/com.st.stm32cube.ide.mcu.externaltools.gnu-tools-for-stm32.9-2020-q2-update.win32_2.0.0.202105311346/tools/bin/../lib/gcc/arm-none-eabi/9.3.1/thumb/v7-m/nofp/crtend.o
LOAD c:/st/stm32cubeide_1.7.0/stm32cubeide/plugins/com.st.stm32cube.ide.mcu.externaltools.gnu-tools-for-stm32.9-2020-q2-update.win32_2.0.0.202105311346/tools/bin/../lib/gcc/arm-none-eabi/9.3.1/thumb/v7-m/nofp/crtn.o
                0x0000000020002800                _estack = (ORIGIN (RAM) + LENGTH (RAM))
                0x0000000000000200                _Min_Heap_Size = 0x200
                0x0000000000000400                _Min_Stack_Size = 0x400

.isr_vector     0x0000000008000000      0x10c
                0x0000000008000000                . = ALIGN (0x4)
 *(.isr_vector)
 .isr_vector    0x0000000008000000      0x10c ./Core/Startup/startup_stm32f103c6ux.o
                0x0000000008000000                g_pfnVectors
                0x000000000800010c                . = ALIGN (0x4)

.text           0x000000000800010c     0x29b0
                0x000000000800010c                . = ALIGN (0x4)
 *(.text)
 .text          0x000000000800010c       0x40 c:/st/stm32cubeide_1.7.0/stm32cubeide/plugins/com.st.stm32cube.ide.mcu.externaltools.gnu-tools-for-stm32.9-2020-q2-update.win32_2.0.0.202105311346/tools/bin/../lib/gcc/arm-none-eabi/9.3.1/thumb/v7-m/nofp/crtbegin.o
 *(.text*)
 .text.check_MOD_1
                0x000000000800014c       0x24 ./Core/Src/button.o
                0x000000000800014c                check_MOD_1
 .text.check_MOD_2
                0x0000000008000170       0x24 ./Core/Src/button.o
                0x0000000008000170                check_MOD_2
 .text.check_MOD_3
                0x0000000008000194       0x24 ./Core/Src/button.o
                0x0000000008000194                check_MOD_3
 .text.reset_MOD_flags
                0x00000000080001b8       0x2c ./Core/Src/button.o
                0x00000000080001b8                reset_MOD_flags
 .text.sample_inputs
                0x00000000080001e4       0x88 ./Core/Src/button.o
 .text.set_active_for_current_mod
                0x000000000800026c       0x54 ./Core/Src/button.o
 .text.process_input
                0x00000000080002c0       0x84 ./Core/Src/button.o
                0x00000000080002c0                process_input
 .text.turn_Off_LEDs
                0x0000000008000344       0x28 ./Core/Src/fsm.o
 .text.configure_and_display_mode
                0x000000000800036c       0x24 ./Core/Src/fsm.o
 .text.handle_mode
                0x0000000008000390       0x6c ./Core/Src/fsm.o
 .text.execute_fsm
                0x00000000080003fc       0x74 ./Core/Src/fsm.o
                0x00000000080003fc                execute_fsm
 .text.show_7seg
                0x0000000008000470       0x74 ./Core/Src/global.o
                0x0000000008000470                show_7seg
 .text.scan_7seg
                0x00000000080004e4       0xd4 ./Core/Src/global.o
                0x00000000080004e4                scan_7seg
 .text.update_buffer_mode
                0x00000000080005b8       0x50 ./Core/Src/global.o
                0x00000000080005b8                update_buffer_mode
 .text.update_buffer_time
                0x0000000008000608       0x50 ./Core/Src/global.o
                0x0000000008000608                update_buffer_time
 .text.show_mode
                0x0000000008000658       0x4c ./Core/Src/global.o
                0x0000000008000658                show_mode
 .text.show_time
                0x00000000080006a4       0x50 ./Core/Src/global.o
                0x00000000080006a4                show_time
 .text.verify_timers
                0x00000000080006f4       0xb8 ./Core/Src/global.o
                0x00000000080006f4                verify_timers
 .text.reset_to_defaults
                0x00000000080007ac       0x88 ./Core/Src/global.o
                0x00000000080007ac                reset_to_defaults
 .text.init_traffic_timers
                0x0000000008000834       0xb0 ./Core/Src/global.o
                0x0000000008000834                init_traffic_timers
 .text.configure_leds
                0x00000000080008e4       0x5c ./Core/Src/global.o
                0x00000000080008e4                configure_leds
 .text.config_north
                0x0000000008000940       0x48 ./Core/Src/global.o
 .text.config_south
                0x0000000008000988       0x44 ./Core/Src/global.o
 .text.run_traffic_lights
                0x00000000080009cc      0x248 ./Core/Src/global.o
                0x00000000080009cc                run_traffic_lights
 .text.apply_changes
                0x0000000008000c14       0x54 ./Core/Src/global.o
                0x0000000008000c14                apply_changes
 .text.main     0x0000000008000c68       0xc8 ./Core/Src/main.o
                0x0000000008000c68                main
 .text.SystemClock_Config
                0x0000000008000d30       0x76 ./Core/Src/main.o
                0x0000000008000d30                SystemClock_Config
 *fill*         0x0000000008000da6        0x2 
 .text.MX_TIM2_Init
                0x0000000008000da8       0x98 ./Core/Src/main.o
 .text.MX_GPIO_Init
                0x0000000008000e40       0xc4 ./Core/Src/main.o
 .text.HAL_TIM_PeriodElapsedCallback
                0x0000000008000f04       0x3a ./Core/Src/main.o
                0x0000000008000f04                HAL_TIM_PeriodElapsedCallback
 .text.Error_Handler
                0x0000000008000f3e        0xa ./Core/Src/main.o
                0x0000000008000f3e                Error_Handler
 .text.SCH_Init
                0x0000000008000f48       0x18 ./Core/Src/sche.o
                0x0000000008000f48                SCH_Init
 .text.SCH_Add_Task
                0x0000000008000f60       0x78 ./Core/Src/sche.o
                0x0000000008000f60                SCH_Add_Task
 .text.SCH_Delete_Task
                0x0000000008000fd8       0x58 ./Core/Src/sche.o
                0x0000000008000fd8                SCH_Delete_Task
 .text.SCH_Update
                0x0000000008001030       0xb4 ./Core/Src/sche.o
                0x0000000008001030                SCH_Update
 .text.SCH_Dispatch_Tasks
                0x00000000080010e4       0x88 ./Core/Src/sche.o
                0x00000000080010e4                SCH_Dispatch_Tasks
 .text.init_tmr5
                0x000000000800116c       0x38 ./Core/Src/software_timer.o
                0x000000000800116c                init_tmr5
 .text.init_tmr4
                0x00000000080011a4       0x38 ./Core/Src/software_timer.o
                0x00000000080011a4                init_tmr4
 .text.init_tmr3
                0x00000000080011dc       0x38 ./Core/Src/software_timer.o
                0x00000000080011dc                init_tmr3
 .text.init_tmr2
                0x0000000008001214       0x38 ./Core/Src/software_timer.o
                0x0000000008001214                init_tmr2
 .text.init_tmr1
                0x000000000800124c       0x38 ./Core/Src/software_timer.o
                0x000000000800124c                init_tmr1
 .text.decrementTimer
                0x0000000008001284       0x34 ./Core/Src/software_timer.o
 .text.process_timers
                0x00000000080012b8       0x58 ./Core/Src/software_timer.o
                0x00000000080012b8                process_timers
 .text.HAL_MspInit
                0x0000000008001310       0x64 ./Core/Src/stm32f1xx_hal_msp.o
                0x0000000008001310                HAL_MspInit
 .text.HAL_TIM_Base_MspInit
                0x0000000008001374       0x48 ./Core/Src/stm32f1xx_hal_msp.o
                0x0000000008001374                HAL_TIM_Base_MspInit
 .text.NMI_Handler
                0x00000000080013bc        0x6 ./Core/Src/stm32f1xx_it.o
                0x00000000080013bc                NMI_Handler
 .text.HardFault_Handler
                0x00000000080013c2        0x6 ./Core/Src/stm32f1xx_it.o
                0x00000000080013c2                HardFault_Handler
 .text.MemManage_Handler
                0x00000000080013c8        0x6 ./Core/Src/stm32f1xx_it.o
                0x00000000080013c8                MemManage_Handler
 .text.BusFault_Handler
                0x00000000080013ce        0x6 ./Core/Src/stm32f1xx_it.o
                0x00000000080013ce                BusFault_Handler
 .text.UsageFault_Handler
                0x00000000080013d4        0x6 ./Core/Src/stm32f1xx_it.o
                0x00000000080013d4                UsageFault_Handler
 .text.SVC_Handler
                0x00000000080013da        0xc ./Core/Src/stm32f1xx_it.o
                0x00000000080013da                SVC_Handler
 .text.DebugMon_Handler
                0x00000000080013e6        0xc ./Core/Src/stm32f1xx_it.o
                0x00000000080013e6                DebugMon_Handler
 .text.PendSV_Handler
                0x00000000080013f2        0xc ./Core/Src/stm32f1xx_it.o
                0x00000000080013f2                PendSV_Handler
 .text.SysTick_Handler
                0x00000000080013fe        0xc ./Core/Src/stm32f1xx_it.o
                0x00000000080013fe                SysTick_Handler
 *fill*         0x000000000800140a        0x2 
 .text.TIM2_IRQHandler
                0x000000000800140c       0x14 ./Core/Src/stm32f1xx_it.o
                0x000000000800140c                TIM2_IRQHandler
 .text.SystemInit
                0x0000000008001420        0xc ./Core/Src/system_stm32f1xx.o
                0x0000000008001420                SystemInit
 .text.Reset_Handler
                0x000000000800142c       0x48 ./Core/Startup/startup_stm32f103c6ux.o
                0x000000000800142c                Reset_Handler
 .text.Default_Handler
                0x0000000008001474        0x2 ./Core/Startup/startup_stm32f103c6ux.o
                0x0000000008001474                RTC_Alarm_IRQHandler
                0x0000000008001474                EXTI2_IRQHandler
                0x0000000008001474                TIM1_CC_IRQHandler
                0x0000000008001474                PVD_IRQHandler
                0x0000000008001474                EXTI3_IRQHandler
                0x0000000008001474                EXTI0_IRQHandler
                0x0000000008001474                ADC1_2_IRQHandler
                0x0000000008001474                SPI1_IRQHandler
                0x0000000008001474                TAMPER_IRQHandler
                0x0000000008001474                DMA1_Channel4_IRQHandler
                0x0000000008001474                RTC_IRQHandler
                0x0000000008001474                DMA1_Channel7_IRQHandler
                0x0000000008001474                CAN1_RX1_IRQHandler
                0x0000000008001474                I2C1_EV_IRQHandler
                0x0000000008001474                DMA1_Channel6_IRQHandler
                0x0000000008001474                TIM3_IRQHandler
                0x0000000008001474                RCC_IRQHandler
                0x0000000008001474                TIM1_TRG_COM_IRQHandler
                0x0000000008001474                DMA1_Channel1_IRQHandler
                0x0000000008001474                Default_Handler
                0x0000000008001474                EXTI15_10_IRQHandler
                0x0000000008001474                EXTI9_5_IRQHandler
                0x0000000008001474                DMA1_Channel5_IRQHandler
                0x0000000008001474                EXTI4_IRQHandler
                0x0000000008001474                USB_LP_CAN1_RX0_IRQHandler
                0x0000000008001474                USB_HP_CAN1_TX_IRQHandler
                0x0000000008001474                DMA1_Channel3_IRQHandler
                0x0000000008001474                TIM1_UP_IRQHandler
                0x0000000008001474                WWDG_IRQHandler
                0x0000000008001474                TIM1_BRK_IRQHandler
                0x0000000008001474                EXTI1_IRQHandler
                0x0000000008001474                USART2_IRQHandler
                0x0000000008001474                DMA1_Channel2_IRQHandler
                0x0000000008001474                CAN1_SCE_IRQHandler
                0x0000000008001474                FLASH_IRQHandler
                0x0000000008001474                USART1_IRQHandler
                0x0000000008001474                I2C1_ER_IRQHandler
                0x0000000008001474                USBWakeUp_IRQHandler
 *fill*         0x0000000008001476        0x2 
 .text.HAL_Init
                0x0000000008001478       0x2c ./Drivers/STM32F1xx_HAL_Driver/Src/stm32f1xx_hal.o
                0x0000000008001478                HAL_Init
 .text.HAL_InitTick
                0x00000000080014a4       0x60 ./Drivers/STM32F1xx_HAL_Driver/Src/stm32f1xx_hal.o
                0x00000000080014a4                HAL_InitTick
 .text.HAL_IncTick
                0x0000000008001504       0x24 ./Drivers/STM32F1xx_HAL_Driver/Src/stm32f1xx_hal.o
                0x0000000008001504                HAL_IncTick
 .text.HAL_GetTick
                0x0000000008001528       0x14 ./Drivers/STM32F1xx_HAL_Driver/Src/stm32f1xx_hal.o
                0x0000000008001528                HAL_GetTick
 .text.__NVIC_SetPriorityGrouping
                0x000000000800153c       0x48 ./Drivers/STM32F1xx_HAL_Driver/Src/stm32f1xx_hal_cortex.o
 .text.__NVIC_GetPriorityGrouping
                0x0000000008001584       0x1c ./Drivers/STM32F1xx_HAL_Driver/Src/stm32f1xx_hal_cortex.o
 .text.__NVIC_EnableIRQ
                0x00000000080015a0       0x38 ./Drivers/STM32F1xx_HAL_Driver/Src/stm32f1xx_hal_cortex.o
 .text.__NVIC_SetPriority
                0x00000000080015d8       0x54 ./Drivers/STM32F1xx_HAL_Driver/Src/stm32f1xx_hal_cortex.o
 .text.NVIC_EncodePriority
                0x000000000800162c       0x64 ./Drivers/STM32F1xx_HAL_Driver/Src/stm32f1xx_hal_cortex.o
 .text.SysTick_Config
                0x0000000008001690       0x44 ./Drivers/STM32F1xx_HAL_Driver/Src/stm32f1xx_hal_cortex.o
 .text.HAL_NVIC_SetPriorityGrouping
                0x00000000080016d4       0x16 ./Drivers/STM32F1xx_HAL_Driver/Src/stm32f1xx_hal_cortex.o
                0x00000000080016d4                HAL_NVIC_SetPriorityGrouping
 .text.HAL_NVIC_SetPriority
                0x00000000080016ea       0x38 ./Drivers/STM32F1xx_HAL_Driver/Src/stm32f1xx_hal_cortex.o
                0x00000000080016ea                HAL_NVIC_SetPriority
 .text.HAL_NVIC_EnableIRQ
                0x0000000008001722       0x1c ./Drivers/STM32F1xx_HAL_Driver/Src/stm32f1xx_hal_cortex.o
                0x0000000008001722                HAL_NVIC_EnableIRQ
 .text.HAL_SYSTICK_Config
                0x000000000800173e       0x18 ./Drivers/STM32F1xx_HAL_Driver/Src/stm32f1xx_hal_cortex.o
                0x000000000800173e                HAL_SYSTICK_Config
 *fill*         0x0000000008001756        0x2 
 .text.HAL_GPIO_Init
                0x0000000008001758      0x2f4 ./Drivers/STM32F1xx_HAL_Driver/Src/stm32f1xx_hal_gpio.o
                0x0000000008001758                HAL_GPIO_Init
 .text.HAL_GPIO_ReadPin
                0x0000000008001a4c       0x2e ./Drivers/STM32F1xx_HAL_Driver/Src/stm32f1xx_hal_gpio.o
                0x0000000008001a4c                HAL_GPIO_ReadPin
 .text.HAL_GPIO_WritePin
                0x0000000008001a7a       0x30 ./Drivers/STM32F1xx_HAL_Driver/Src/stm32f1xx_hal_gpio.o
                0x0000000008001a7a                HAL_GPIO_WritePin
 .text.HAL_GPIO_TogglePin
                0x0000000008001aaa       0x32 ./Drivers/STM32F1xx_HAL_Driver/Src/stm32f1xx_hal_gpio.o
                0x0000000008001aaa                HAL_GPIO_TogglePin
 .text.HAL_RCC_OscConfig
                0x0000000008001adc      0x500 ./Drivers/STM32F1xx_HAL_Driver/Src/stm32f1xx_hal_rcc.o
                0x0000000008001adc                HAL_RCC_OscConfig
 .text.HAL_RCC_ClockConfig
                0x0000000008001fdc      0x1d4 ./Drivers/STM32F1xx_HAL_Driver/Src/stm32f1xx_hal_rcc.o
                0x0000000008001fdc                HAL_RCC_ClockConfig
 .text.HAL_RCC_GetSysClockFreq
                0x00000000080021b0       0xa8 ./Drivers/STM32F1xx_HAL_Driver/Src/stm32f1xx_hal_rcc.o
                0x00000000080021b0                HAL_RCC_GetSysClockFreq
 .text.RCC_Delay
                0x0000000008002258       0x3c ./Drivers/STM32F1xx_HAL_Driver/Src/stm32f1xx_hal_rcc.o
 .text.HAL_TIM_Base_Init
                0x0000000008002294       0x9e ./Drivers/STM32F1xx_HAL_Driver/Src/stm32f1xx_hal_tim.o
                0x0000000008002294                HAL_TIM_Base_Init
 *fill*         0x0000000008002332        0x2 
 .text.HAL_TIM_Base_Start_IT
                0x0000000008002334       0x98 ./Drivers/STM32F1xx_HAL_Driver/Src/stm32f1xx_hal_tim.o
                0x0000000008002334                HAL_TIM_Base_Start_IT
 .text.HAL_TIM_IRQHandler
                0x00000000080023cc      0x1e0 ./Drivers/STM32F1xx_HAL_Driver/Src/stm32f1xx_hal_tim.o
                0x00000000080023cc                HAL_TIM_IRQHandler
 .text.HAL_TIM_ConfigClockSource
                0x00000000080025ac      0x18e ./Drivers/STM32F1xx_HAL_Driver/Src/stm32f1xx_hal_tim.o
                0x00000000080025ac                HAL_TIM_ConfigClockSource
 .text.HAL_TIM_OC_DelayElapsedCallback
                0x000000000800273a       0x12 ./Drivers/STM32F1xx_HAL_Driver/Src/stm32f1xx_hal_tim.o
                0x000000000800273a                HAL_TIM_OC_DelayElapsedCallback
 .text.HAL_TIM_IC_CaptureCallback
                0x000000000800274c       0x12 ./Drivers/STM32F1xx_HAL_Driver/Src/stm32f1xx_hal_tim.o
                0x000000000800274c                HAL_TIM_IC_CaptureCallback
 .text.HAL_TIM_PWM_PulseFinishedCallback
                0x000000000800275e       0x12 ./Drivers/STM32F1xx_HAL_Driver/Src/stm32f1xx_hal_tim.o
                0x000000000800275e                HAL_TIM_PWM_PulseFinishedCallback
 .text.HAL_TIM_TriggerCallback
                0x0000000008002770       0x12 ./Drivers/STM32F1xx_HAL_Driver/Src/stm32f1xx_hal_tim.o
                0x0000000008002770                HAL_TIM_TriggerCallback
 *fill*         0x0000000008002782        0x2 
 .text.TIM_Base_SetConfig
                0x0000000008002784       0xc8 ./Drivers/STM32F1xx_HAL_Driver/Src/stm32f1xx_hal_tim.o
                0x0000000008002784                TIM_Base_SetConfig
 .text.TIM_TI1_ConfigInputStage
                0x000000000800284c       0x5c ./Drivers/STM32F1xx_HAL_Driver/Src/stm32f1xx_hal_tim.o
 .text.TIM_TI2_ConfigInputStage
                0x00000000080028a8       0x5e ./Drivers/STM32F1xx_HAL_Driver/Src/stm32f1xx_hal_tim.o
 .text.TIM_ITRx_SetConfig
                0x0000000008002906       0x34 ./Drivers/STM32F1xx_HAL_Driver/Src/stm32f1xx_hal_tim.o
 .text.TIM_ETR_SetConfig
                0x000000000800293a       0x3e ./Drivers/STM32F1xx_HAL_Driver/Src/stm32f1xx_hal_tim.o
                0x000000000800293a                TIM_ETR_SetConfig
 .text.HAL_TIMEx_MasterConfigSynchronization
                0x0000000008002978       0xb0 ./Drivers/STM32F1xx_HAL_Driver/Src/stm32f1xx_hal_tim_ex.o
                0x0000000008002978                HAL_TIMEx_MasterConfigSynchronization
 .text.HAL_TIMEx_CommutCallback
                0x0000000008002a28       0x12 ./Drivers/STM32F1xx_HAL_Driver/Src/stm32f1xx_hal_tim_ex.o
                0x0000000008002a28                HAL_TIMEx_CommutCallback
 .text.HAL_TIMEx_BreakCallback
                0x0000000008002a3a       0x12 ./Drivers/STM32F1xx_HAL_Driver/Src/stm32f1xx_hal_tim_ex.o
                0x0000000008002a3a                HAL_TIMEx_BreakCallback
 .text.__libc_init_array
                0x0000000008002a4c       0x48 c:/st/stm32cubeide_1.7.0/stm32cubeide/plugins/com.st.stm32cube.ide.mcu.externaltools.gnu-tools-for-stm32.9-2020-q2-update.win32_2.0.0.202105311346/tools/bin/../lib/gcc/arm-none-eabi/9.3.1/../../../../arm-none-eabi/lib/thumb/v7-m/nofp\libc_nano.a(lib_a-init.o)
                0x0000000008002a4c                __libc_init_array
 .text.memset   0x0000000008002a94       0x10 c:/st/stm32cubeide_1.7.0/stm32cubeide/plugins/com.st.stm32cube.ide.mcu.externaltools.gnu-tools-for-stm32.9-2020-q2-update.win32_2.0.0.202105311346/tools/bin/../lib/gcc/arm-none-eabi/9.3.1/../../../../arm-none-eabi/lib/thumb/v7-m/nofp\libc_nano.a(lib_a-memset.o)
                0x0000000008002a94                memset
 *(.glue_7)
 .glue_7        0x0000000008002aa4        0x0 linker stubs
 *(.glue_7t)
 .glue_7t       0x0000000008002aa4        0x0 linker stubs
 *(.eh_frame)
 .eh_frame      0x0000000008002aa4        0x0 c:/st/stm32cubeide_1.7.0/stm32cubeide/plugins/com.st.stm32cube.ide.mcu.externaltools.gnu-tools-for-stm32.9-2020-q2-update.win32_2.0.0.202105311346/tools/bin/../lib/gcc/arm-none-eabi/9.3.1/thumb/v7-m/nofp/crtbegin.o
 *(.init)
 .init          0x0000000008002aa4        0x4 c:/st/stm32cubeide_1.7.0/stm32cubeide/plugins/com.st.stm32cube.ide.mcu.externaltools.gnu-tools-for-stm32.9-2020-q2-update.win32_2.0.0.202105311346/tools/bin/../lib/gcc/arm-none-eabi/9.3.1/thumb/v7-m/nofp/crti.o
                0x0000000008002aa4                _init
 .init          0x0000000008002aa8        0x8 c:/st/stm32cubeide_1.7.0/stm32cubeide/plugins/com.st.stm32cube.ide.mcu.externaltools.gnu-tools-for-stm32.9-2020-q2-update.win32_2.0.0.202105311346/tools/bin/../lib/gcc/arm-none-eabi/9.3.1/thumb/v7-m/nofp/crtn.o
 *(.fini)
 .fini          0x0000000008002ab0        0x4 c:/st/stm32cubeide_1.7.0/stm32cubeide/plugins/com.st.stm32cube.ide.mcu.externaltools.gnu-tools-for-stm32.9-2020-q2-update.win32_2.0.0.202105311346/tools/bin/../lib/gcc/arm-none-eabi/9.3.1/thumb/v7-m/nofp/crti.o
                0x0000000008002ab0                _fini
 .fini          0x0000000008002ab4        0x8 c:/st/stm32cubeide_1.7.0/stm32cubeide/plugins/com.st.stm32cube.ide.mcu.externaltools.gnu-tools-for-stm32.9-2020-q2-update.win32_2.0.0.202105311346/tools/bin/../lib/gcc/arm-none-eabi/9.3.1/thumb/v7-m/nofp/crtn.o
                0x0000000008002abc                . = ALIGN (0x4)
                0x0000000008002abc                _etext = .

.vfp11_veneer   0x0000000008002abc        0x0
 .vfp11_veneer  0x0000000008002abc        0x0 linker stubs

.v4_bx          0x0000000008002abc        0x0
 .v4_bx         0x0000000008002abc        0x0 linker stubs

.iplt           0x0000000008002abc        0x0
 .iplt          0x0000000008002abc        0x0 c:/st/stm32cubeide_1.7.0/stm32cubeide/plugins/com.st.stm32cube.ide.mcu.externaltools.gnu-tools-for-stm32.9-2020-q2-update.win32_2.0.0.202105311346/tools/bin/../lib/gcc/arm-none-eabi/9.3.1/thumb/v7-m/nofp/crtbegin.o

.rodata         0x0000000008002abc       0x30
                0x0000000008002abc                . = ALIGN (0x4)
 *(.rodata)
 .rodata        0x0000000008002abc        0xa ./Core/Src/global.o
 *(.rodata*)
 *fill*         0x0000000008002ac6        0x2 
 .rodata.AHBPrescTable
                0x0000000008002ac8       0x10 ./Core/Src/system_stm32f1xx.o
                0x0000000008002ac8                AHBPrescTable
 .rodata.aPLLMULFactorTable.6032
                0x0000000008002ad8       0x10 ./Drivers/STM32F1xx_HAL_Driver/Src/stm32f1xx_hal_rcc.o
 .rodata.aPredivFactorTable.6033
                0x0000000008002ae8        0x2 ./Drivers/STM32F1xx_HAL_Driver/Src/stm32f1xx_hal_rcc.o
                0x0000000008002aec                . = ALIGN (0x4)
 *fill*         0x0000000008002aea        0x2 

.rel.dyn        0x0000000008002aec        0x0
 .rel.iplt      0x0000000008002aec        0x0 c:/st/stm32cubeide_1.7.0/stm32cubeide/plugins/com.st.stm32cube.ide.mcu.externaltools.gnu-tools-for-stm32.9-2020-q2-update.win32_2.0.0.202105311346/tools/bin/../lib/gcc/arm-none-eabi/9.3.1/thumb/v7-m/nofp/crtbegin.o

.ARM.extab      0x0000000008002aec        0x0
                0x0000000008002aec                . = ALIGN (0x4)
 *(.ARM.extab* .gnu.linkonce.armextab.*)
                0x0000000008002aec                . = ALIGN (0x4)

.ARM            0x0000000008002aec        0x0
                0x0000000008002aec                . = ALIGN (0x4)
                0x0000000008002aec                __exidx_start = .
 *(.ARM.exidx*)
                0x0000000008002aec                __exidx_end = .
                0x0000000008002aec                . = ALIGN (0x4)

.preinit_array  0x0000000008002aec        0x0
                0x0000000008002aec                . = ALIGN (0x4)
                0x0000000008002aec                PROVIDE (__preinit_array_start = .)
 *(.preinit_array*)
                0x0000000008002aec                PROVIDE (__preinit_array_end = .)
                0x0000000008002aec                . = ALIGN (0x4)

.init_array     0x0000000008002aec        0x4
                0x0000000008002aec                . = ALIGN (0x4)
                0x0000000008002aec                PROVIDE (__init_array_start = .)
 *(SORT_BY_NAME(.init_array.*))
 *(.init_array*)
 .init_array    0x0000000008002aec        0x4 c:/st/stm32cubeide_1.7.0/stm32cubeide/plugins/com.st.stm32cube.ide.mcu.externaltools.gnu-tools-for-stm32.9-2020-q2-update.win32_2.0.0.202105311346/tools/bin/../lib/gcc/arm-none-eabi/9.3.1/thumb/v7-m/nofp/crtbegin.o
                0x0000000008002af0                PROVIDE (__init_array_end = .)
                0x0000000008002af0                . = ALIGN (0x4)

.fini_array     0x0000000008002af0        0x4
                0x0000000008002af0                . = ALIGN (0x4)
                [!provide]                        PROVIDE (__fini_array_start = .)
 *(SORT_BY_NAME(.fini_array.*))
 *(.fini_array*)
 .fini_array    0x0000000008002af0        0x4 c:/st/stm32cubeide_1.7.0/stm32cubeide/plugins/com.st.stm32cube.ide.mcu.externaltools.gnu-tools-for-stm32.9-2020-q2-update.win32_2.0.0.202105311346/tools/bin/../lib/gcc/arm-none-eabi/9.3.1/thumb/v7-m/nofp/crtbegin.o
                [!provide]                        PROVIDE (__fini_array_end = .)
                0x0000000008002af4                . = ALIGN (0x4)
                0x0000000008002af4                _sidata = LOADADDR (.data)

.data           0x0000000020000000       0x60 load address 0x0000000008002af4
                0x0000000020000000                . = ALIGN (0x4)
                0x0000000020000000                _sdata = .
 *(.data)
 *(.data*)
 .data.Tmp_0    0x0000000020000000        0x4 ./Core/Src/button.o
 .data.Tmp_1    0x0000000020000004        0x4 ./Core/Src/button.o
 .data.Tmp_2    0x0000000020000008        0x4 ./Core/Src/button.o
 .data.Tmp_3    0x000000002000000c        0x4 ./Core/Src/button.o
 .data.MOD_1_state
                0x0000000020000010        0x4 ./Core/Src/button.o
 .data.MOD_2_state
                0x0000000020000014        0x4 ./Core/Src/button.o
 .data.MOD_3_state
                0x0000000020000018        0x4 ./Core/Src/button.o
 .data.KeyTimeout
                0x000000002000001c        0x4 ./Core/Src/button.o
 .data.MODE_CURRENT
                0x0000000020000020        0x4 ./Core/Src/fsm.o
                0x0000000020000020                MODE_CURRENT
 .data.buf_mode
                0x0000000020000024        0x8 ./Core/Src/global.o
                0x0000000020000024                buf_mode
 .data.buf_time
                0x000000002000002c        0x8 ./Core/Src/global.o
                0x000000002000002c                buf_time
 .data.DO_duration
                0x0000000020000034        0x4 ./Core/Src/global.o
                0x0000000020000034                DO_duration
 .data.MOD_DO_TIMER
                0x0000000020000038        0x4 ./Core/Src/global.o
                0x0000000020000038                MOD_DO_TIMER
 .data.VANG_duration
                0x000000002000003c        0x4 ./Core/Src/global.o
                0x000000002000003c                VANG_duration
 .data.MOD_VANG_TIMER
                0x0000000020000040        0x4 ./Core/Src/global.o
                0x0000000020000040                MOD_VANG_TIMER
 .data.XANH_duration
                0x0000000020000044        0x4 ./Core/Src/global.o
                0x0000000020000044                XANH_duration
 .data.MOD_XANH_TIMER
                0x0000000020000048        0x4 ./Core/Src/global.o
                0x0000000020000048                MOD_XANH_TIMER
 .data.idx_time
                0x000000002000004c        0x4 ./Core/Src/global.o
                0x000000002000004c                idx_time
 .data.direction
                0x0000000020000050        0x4 ./Core/Src/global.o
                0x0000000020000050                direction
 .data.SystemCoreClock
                0x0000000020000054        0x4 ./Core/Src/system_stm32f1xx.o
                0x0000000020000054                SystemCoreClock
 .data.uwTickPrio
                0x0000000020000058        0x4 ./Drivers/STM32F1xx_HAL_Driver/Src/stm32f1xx_hal.o
                0x0000000020000058                uwTickPrio
 .data.uwTickFreq
                0x000000002000005c        0x1 ./Drivers/STM32F1xx_HAL_Driver/Src/stm32f1xx_hal.o
                0x000000002000005c                uwTickFreq
 *(.RamFunc)
 *(.RamFunc*)
                0x0000000020000060                . = ALIGN (0x4)
 *fill*         0x000000002000005d        0x3 
                0x0000000020000060                _edata = .

.igot.plt       0x0000000020000060        0x0 load address 0x0000000008002b54
 .igot.plt      0x0000000020000060        0x0 c:/st/stm32cubeide_1.7.0/stm32cubeide/plugins/com.st.stm32cube.ide.mcu.externaltools.gnu-tools-for-stm32.9-2020-q2-update.win32_2.0.0.202105311346/tools/bin/../lib/gcc/arm-none-eabi/9.3.1/thumb/v7-m/nofp/crtbegin.o
                0x0000000020000060                . = ALIGN (0x4)

.bss            0x0000000020000060      0x130 load address 0x0000000008002b54
                0x0000000020000060                _sbss = .
                0x0000000020000060                __bss_start__ = _sbss
 *(.bss)
 .bss           0x0000000020000060       0x1c c:/st/stm32cubeide_1.7.0/stm32cubeide/plugins/com.st.stm32cube.ide.mcu.externaltools.gnu-tools-for-stm32.9-2020-q2-update.win32_2.0.0.202105311346/tools/bin/../lib/gcc/arm-none-eabi/9.3.1/thumb/v7-m/nofp/crtbegin.o
 *(.bss*)
 .bss.MOD_1_ACTIVE
                0x000000002000007c        0x4 ./Core/Src/button.o
                0x000000002000007c                MOD_1_ACTIVE
 .bss.MOD_2_ACTIVE
                0x0000000020000080        0x4 ./Core/Src/button.o
                0x0000000020000080                MOD_2_ACTIVE
 .bss.MOD_3_ACTIVE
                0x0000000020000084        0x4 ./Core/Src/button.o
                0x0000000020000084                MOD_3_ACTIVE
 .bss.DO_modified
                0x0000000020000088        0x4 ./Core/Src/global.o
                0x0000000020000088                DO_modified
 .bss.VANG_modified
                0x000000002000008c        0x4 ./Core/Src/global.o
                0x000000002000008c                VANG_modified
 .bss.XANH_modified
                0x0000000020000090        0x4 ./Core/Src/global.o
                0x0000000020000090                XANH_modified
 .bss.idx_mode  0x0000000020000094        0x4 ./Core/Src/global.o
                0x0000000020000094                idx_mode
 .bss.SCH_tasks_G
                0x0000000020000098       0x80 ./Core/Src/sche.o
 .bss.currentIndex.4652
                0x0000000020000118        0x4 ./Core/Src/sche.o
 .bss.tmr1_done
                0x000000002000011c        0x4 ./Core/Src/software_timer.o
                0x000000002000011c                tmr1_done
 .bss.tmr1_counter
                0x0000000020000120        0x4 ./Core/Src/software_timer.o
 .bss.tmr2_done
                0x0000000020000124        0x4 ./Core/Src/software_timer.o
                0x0000000020000124                tmr2_done
 .bss.tmr2_counter
                0x0000000020000128        0x4 ./Core/Src/software_timer.o
 .bss.tmr3_done
                0x000000002000012c        0x4 ./Core/Src/software_timer.o
                0x000000002000012c                tmr3_done
 .bss.tmr3_counter
                0x0000000020000130        0x4 ./Core/Src/software_timer.o
 .bss.tmr4_done
                0x0000000020000134        0x4 ./Core/Src/software_timer.o
                0x0000000020000134                tmr4_done
 .bss.tmr4_counter
                0x0000000020000138        0x4 ./Core/Src/software_timer.o
 .bss.tmr5_done
                0x000000002000013c        0x4 ./Core/Src/software_timer.o
                0x000000002000013c                tmr5_done
 .bss.tmr5_counter
                0x0000000020000140        0x4 ./Core/Src/software_timer.o
 *(COMMON)
 COMMON         0x0000000020000144       0x48 ./Core/Src/main.o
                0x0000000020000144                htim2
 COMMON         0x000000002000018c        0x4 ./Drivers/STM32F1xx_HAL_Driver/Src/stm32f1xx_hal.o
                0x000000002000018c                uwTick
                0x0000000020000190                . = ALIGN (0x4)
                0x0000000020000190                _ebss = .
                0x0000000020000190                __bss_end__ = _ebss

._user_heap_stack
                0x0000000020000190      0x600 load address 0x0000000008002b54
                0x0000000020000190                . = ALIGN (0x8)
                [!provide]                        PROVIDE (end = .)
                0x0000000020000190                PROVIDE (_end = .)
                0x0000000020000390                . = (. + _Min_Heap_Size)
 *fill*         0x0000000020000190      0x200 
                0x0000000020000790                . = (. + _Min_Stack_Size)
 *fill*         0x0000000020000390      0x400 
                0x0000000020000790                . = ALIGN (0x8)

/DISCARD/
 libc.a(*)
 libm.a(*)
 libgcc.a(*)

.ARM.attributes
                0x0000000000000000       0x29
 *(.ARM.attributes)
 .ARM.attributes
                0x0000000000000000       0x1d c:/st/stm32cubeide_1.7.0/stm32cubeide/plugins/com.st.stm32cube.ide.mcu.externaltools.gnu-tools-for-stm32.9-2020-q2-update.win32_2.0.0.202105311346/tools/bin/../lib/gcc/arm-none-eabi/9.3.1/thumb/v7-m/nofp/crti.o
 .ARM.attributes
                0x000000000000001d       0x2d c:/st/stm32cubeide_1.7.0/stm32cubeide/plugins/com.st.stm32cube.ide.mcu.externaltools.gnu-tools-for-stm32.9-2020-q2-update.win32_2.0.0.202105311346/tools/bin/../lib/gcc/arm-none-eabi/9.3.1/thumb/v7-m/nofp/crtbegin.o
 .ARM.attributes
                0x000000000000004a       0x2d ./Core/Src/button.o
 .ARM.attributes
                0x0000000000000077       0x2d ./Core/Src/fsm.o
 .ARM.attributes
                0x00000000000000a4       0x2d ./Core/Src/global.o
 .ARM.attributes
                0x00000000000000d1       0x2d ./Core/Src/main.o
 .ARM.attributes
                0x00000000000000fe       0x2d ./Core/Src/sche.o
 .ARM.attributes
                0x000000000000012b       0x2d ./Core/Src/software_timer.o
 .ARM.attributes
                0x0000000000000158       0x2d ./Core/Src/stm32f1xx_hal_msp.o
 .ARM.attributes
                0x0000000000000185       0x2d ./Core/Src/stm32f1xx_it.o
 .ARM.attributes
                0x00000000000001b2       0x2d ./Core/Src/system_stm32f1xx.o
 .ARM.attributes
                0x00000000000001df       0x21 ./Core/Startup/startup_stm32f103c6ux.o
 .ARM.attributes
                0x0000000000000200       0x2d ./Drivers/STM32F1xx_HAL_Driver/Src/stm32f1xx_hal.o
 .ARM.attributes
                0x000000000000022d       0x2d ./Drivers/STM32F1xx_HAL_Driver/Src/stm32f1xx_hal_cortex.o
 .ARM.attributes
                0x000000000000025a       0x2d ./Drivers/STM32F1xx_HAL_Driver/Src/stm32f1xx_hal_gpio.o
 .ARM.attributes
                0x0000000000000287       0x2d ./Drivers/STM32F1xx_HAL_Driver/Src/stm32f1xx_hal_rcc.o
 .ARM.attributes
                0x00000000000002b4       0x2d ./Drivers/STM32F1xx_HAL_Driver/Src/stm32f1xx_hal_tim.o
 .ARM.attributes
                0x00000000000002e1       0x2d ./Drivers/STM32F1xx_HAL_Driver/Src/stm32f1xx_hal_tim_ex.o
 .ARM.attributes
                0x000000000000030e       0x2d c:/st/stm32cubeide_1.7.0/stm32cubeide/plugins/com.st.stm32cube.ide.mcu.externaltools.gnu-tools-for-stm32.9-2020-q2-update.win32_2.0.0.202105311346/tools/bin/../lib/gcc/arm-none-eabi/9.3.1/../../../../arm-none-eabi/lib/thumb/v7-m/nofp\libc_nano.a(lib_a-init.o)
 .ARM.attributes
                0x000000000000033b       0x2d c:/st/stm32cubeide_1.7.0/stm32cubeide/plugins/com.st.stm32cube.ide.mcu.externaltools.gnu-tools-for-stm32.9-2020-q2-update.win32_2.0.0.202105311346/tools/bin/../lib/gcc/arm-none-eabi/9.3.1/../../../../arm-none-eabi/lib/thumb/v7-m/nofp\libc_nano.a(lib_a-memset.o)
 .ARM.attributes
                0x0000000000000368       0x1d c:/st/stm32cubeide_1.7.0/stm32cubeide/plugins/com.st.stm32cube.ide.mcu.externaltools.gnu-tools-for-stm32.9-2020-q2-update.win32_2.0.0.202105311346/tools/bin/../lib/gcc/arm-none-eabi/9.3.1/thumb/v7-m/nofp/crtn.o
OUTPUT(LAB_3.elf elf32-littlearm)
LOAD linker stubs
LOAD c:/st/stm32cubeide_1.7.0/stm32cubeide/plugins/com.st.stm32cube.ide.mcu.externaltools.gnu-tools-for-stm32.9-2020-q2-update.win32_2.0.0.202105311346/tools/bin/../lib/gcc/arm-none-eabi/9.3.1/../../../../arm-none-eabi/lib/thumb/v7-m/nofp\libc.a
LOAD c:/st/stm32cubeide_1.7.0/stm32cubeide/plugins/com.st.stm32cube.ide.mcu.externaltools.gnu-tools-for-stm32.9-2020-q2-update.win32_2.0.0.202105311346/tools/bin/../lib/gcc/arm-none-eabi/9.3.1/../../../../arm-none-eabi/lib/thumb/v7-m/nofp\libm.a
LOAD c:/st/stm32cubeide_1.7.0/stm32cubeide/plugins/com.st.stm32cube.ide.mcu.externaltools.gnu-tools-for-stm32.9-2020-q2-update.win32_2.0.0.202105311346/tools/bin/../lib/gcc/arm-none-eabi/9.3.1/thumb/v7-m/nofp\libgcc.a

.debug_info     0x0000000000000000     0xa0e3
 .debug_info    0x0000000000000000      0x3f9 ./Core/Src/button.o
 .debug_info    0x00000000000003f9      0x35a ./Core/Src/fsm.o
 .debug_info    0x0000000000000753      0x63f ./Core/Src/global.o
 .debug_info    0x0000000000000d92      0xc4a ./Core/Src/main.o
 .debug_info    0x00000000000019dc      0xab3 ./Core/Src/sche.o
 .debug_info    0x000000000000248f      0x363 ./Core/Src/software_timer.o
 .debug_info    0x00000000000027f2      0xa09 ./Core/Src/stm32f1xx_hal_msp.o
 .debug_info    0x00000000000031fb      0x7b9 ./Core/Src/stm32f1xx_it.o
 .debug_info    0x00000000000039b4      0x2be ./Core/Src/system_stm32f1xx.o
 .debug_info    0x0000000000003c72       0x22 ./Core/Startup/startup_stm32f103c6ux.o
 .debug_info    0x0000000000003c94      0x74c ./Drivers/STM32F1xx_HAL_Driver/Src/stm32f1xx_hal.o
 .debug_info    0x00000000000043e0      0xbbe ./Drivers/STM32F1xx_HAL_Driver/Src/stm32f1xx_hal_cortex.o
 .debug_info    0x0000000000004f9e      0x701 ./Drivers/STM32F1xx_HAL_Driver/Src/stm32f1xx_hal_gpio.o
 .debug_info    0x000000000000569f      0x893 ./Drivers/STM32F1xx_HAL_Driver/Src/stm32f1xx_hal_rcc.o
 .debug_info    0x0000000000005f32     0x2c32 ./Drivers/STM32F1xx_HAL_Driver/Src/stm32f1xx_hal_tim.o
 .debug_info    0x0000000000008b64     0x157f ./Drivers/STM32F1xx_HAL_Driver/Src/stm32f1xx_hal_tim_ex.o

.debug_abbrev   0x0000000000000000     0x1d2a
 .debug_abbrev  0x0000000000000000      0x178 ./Core/Src/button.o
 .debug_abbrev  0x0000000000000178      0x169 ./Core/Src/fsm.o
 .debug_abbrev  0x00000000000002e1      0x200 ./Core/Src/global.o
 .debug_abbrev  0x00000000000004e1      0x248 ./Core/Src/main.o
 .debug_abbrev  0x0000000000000729      0x213 ./Core/Src/sche.o
 .debug_abbrev  0x000000000000093c      0x142 ./Core/Src/software_timer.o
 .debug_abbrev  0x0000000000000a7e      0x1b7 ./Core/Src/stm32f1xx_hal_msp.o
 .debug_abbrev  0x0000000000000c35      0x176 ./Core/Src/stm32f1xx_it.o
 .debug_abbrev  0x0000000000000dab      0x14e ./Core/Src/system_stm32f1xx.o
 .debug_abbrev  0x0000000000000ef9       0x12 ./Core/Startup/startup_stm32f103c6ux.o
 .debug_abbrev  0x0000000000000f0b      0x1ed ./Drivers/STM32F1xx_HAL_Driver/Src/stm32f1xx_hal.o
 .debug_abbrev  0x00000000000010f8      0x313 ./Drivers/STM32F1xx_HAL_Driver/Src/stm32f1xx_hal_cortex.o
 .debug_abbrev  0x000000000000140b      0x1e8 ./Drivers/STM32F1xx_HAL_Driver/Src/stm32f1xx_hal_gpio.o
 .debug_abbrev  0x00000000000015f3      0x273 ./Drivers/STM32F1xx_HAL_Driver/Src/stm32f1xx_hal_rcc.o
 .debug_abbrev  0x0000000000001866      0x25e ./Drivers/STM32F1xx_HAL_Driver/Src/stm32f1xx_hal_tim.o
 .debug_abbrev  0x0000000000001ac4      0x266 ./Drivers/STM32F1xx_HAL_Driver/Src/stm32f1xx_hal_tim_ex.o

.debug_aranges  0x0000000000000000      0xad8
 .debug_aranges
                0x0000000000000000       0x58 ./Core/Src/button.o
 .debug_aranges
                0x0000000000000058       0x38 ./Core/Src/fsm.o
 .debug_aranges
                0x0000000000000090       0x88 ./Core/Src/global.o
 .debug_aranges
                0x0000000000000118       0x48 ./Core/Src/main.o
 .debug_aranges
                0x0000000000000160       0x40 ./Core/Src/sche.o
 .debug_aranges
                0x00000000000001a0       0x50 ./Core/Src/software_timer.o
 .debug_aranges
                0x00000000000001f0       0x30 ./Core/Src/stm32f1xx_hal_msp.o
 .debug_aranges
                0x0000000000000220       0x68 ./Core/Src/stm32f1xx_it.o
 .debug_aranges
                0x0000000000000288       0x28 ./Core/Src/system_stm32f1xx.o
 .debug_aranges
                0x00000000000002b0       0x28 ./Core/Startup/startup_stm32f103c6ux.o
 .debug_aranges
                0x00000000000002d8       0xe0 ./Drivers/STM32F1xx_HAL_Driver/Src/stm32f1xx_hal.o
 .debug_aranges
                0x00000000000003b8      0x100 ./Drivers/STM32F1xx_HAL_Driver/Src/stm32f1xx_hal_cortex.o
 .debug_aranges
                0x00000000000004b8       0x58 ./Drivers/STM32F1xx_HAL_Driver/Src/stm32f1xx_hal_gpio.o
 .debug_aranges
                0x0000000000000510       0x90 ./Drivers/STM32F1xx_HAL_Driver/Src/stm32f1xx_hal_rcc.o
 .debug_aranges
                0x00000000000005a0      0x3d0 ./Drivers/STM32F1xx_HAL_Driver/Src/stm32f1xx_hal_tim.o
 .debug_aranges
                0x0000000000000970      0x168 ./Drivers/STM32F1xx_HAL_Driver/Src/stm32f1xx_hal_tim_ex.o

.debug_ranges   0x0000000000000000      0x9e0
 .debug_ranges  0x0000000000000000       0x48 ./Core/Src/button.o
 .debug_ranges  0x0000000000000048       0x28 ./Core/Src/fsm.o
 .debug_ranges  0x0000000000000070       0x78 ./Core/Src/global.o
 .debug_ranges  0x00000000000000e8       0x38 ./Core/Src/main.o
 .debug_ranges  0x0000000000000120       0x30 ./Core/Src/sche.o
 .debug_ranges  0x0000000000000150       0x40 ./Core/Src/software_timer.o
 .debug_ranges  0x0000000000000190       0x20 ./Core/Src/stm32f1xx_hal_msp.o
 .debug_ranges  0x00000000000001b0       0x58 ./Core/Src/stm32f1xx_it.o
 .debug_ranges  0x0000000000000208       0x18 ./Core/Src/system_stm32f1xx.o
 .debug_ranges  0x0000000000000220       0x20 ./Core/Startup/startup_stm32f103c6ux.o
 .debug_ranges  0x0000000000000240       0xd0 ./Drivers/STM32F1xx_HAL_Driver/Src/stm32f1xx_hal.o
 .debug_ranges  0x0000000000000310       0xf0 ./Drivers/STM32F1xx_HAL_Driver/Src/stm32f1xx_hal_cortex.o
 .debug_ranges  0x0000000000000400       0x48 ./Drivers/STM32F1xx_HAL_Driver/Src/stm32f1xx_hal_gpio.o
 .debug_ranges  0x0000000000000448       0x80 ./Drivers/STM32F1xx_HAL_Driver/Src/stm32f1xx_hal_rcc.o
 .debug_ranges  0x00000000000004c8      0x3c0 ./Drivers/STM32F1xx_HAL_Driver/Src/stm32f1xx_hal_tim.o
 .debug_ranges  0x0000000000000888      0x158 ./Drivers/STM32F1xx_HAL_Driver/Src/stm32f1xx_hal_tim_ex.o

.debug_macro    0x0000000000000000    0x173ad
 .debug_macro   0x0000000000000000      0x1c4 ./Core/Src/button.o
 .debug_macro   0x00000000000001c4      0xa9c ./Core/Src/button.o
 .debug_macro   0x0000000000000c60      0x215 ./Core/Src/button.o
 .debug_macro   0x0000000000000e75       0x2e ./Core/Src/button.o
 .debug_macro   0x0000000000000ea3       0x22 ./Core/Src/button.o
 .debug_macro   0x0000000000000ec5       0x22 ./Core/Src/button.o
 .debug_macro   0x0000000000000ee7       0x8e ./Core/Src/button.o
 .debug_macro   0x0000000000000f75       0x51 ./Core/Src/button.o
 .debug_macro   0x0000000000000fc6      0x103 ./Core/Src/button.o
 .debug_macro   0x00000000000010c9       0x6a ./Core/Src/button.o
 .debug_macro   0x0000000000001133      0x1df ./Core/Src/button.o
 .debug_macro   0x0000000000001312       0x1c ./Core/Src/button.o
 .debug_macro   0x000000000000132e       0x22 ./Core/Src/button.o
 .debug_macro   0x0000000000001350       0xc3 ./Core/Src/button.o
 .debug_macro   0x0000000000001413      0xd23 ./Core/Src/button.o
 .debug_macro   0x0000000000002136     0xde75 ./Core/Src/button.o
 .debug_macro   0x000000000000ffab       0x6d ./Core/Src/button.o
 .debug_macro   0x0000000000010018     0x34a2 ./Core/Src/button.o
 .debug_macro   0x00000000000134ba      0x174 ./Core/Src/button.o
 .debug_macro   0x000000000001362e       0x5c ./Core/Src/button.o
 .debug_macro   0x000000000001368a      0x5bc ./Core/Src/button.o
 .debug_macro   0x0000000000013c46      0x1b7 ./Core/Src/button.o
 .debug_macro   0x0000000000013dfd      0x1cb ./Core/Src/button.o
 .debug_macro   0x0000000000013fc8      0x114 ./Core/Src/button.o
 .debug_macro   0x00000000000140dc      0x1b2 ./Core/Src/button.o
 .debug_macro   0x000000000001428e       0x27 ./Core/Src/button.o
 .debug_macro   0x00000000000142b5      0x12f ./Core/Src/button.o
 .debug_macro   0x00000000000143e4      0x1bc ./Core/Src/button.o
 .debug_macro   0x00000000000145a0       0x34 ./Core/Src/button.o
 .debug_macro   0x00000000000145d4       0x3c ./Core/Src/button.o
 .debug_macro   0x0000000000014610       0x57 ./Core/Src/button.o
 .debug_macro   0x0000000000014667       0x87 ./Core/Src/button.o
 .debug_macro   0x00000000000146ee      0x183 ./Core/Src/button.o
 .debug_macro   0x0000000000014871      0x140 ./Core/Src/button.o
 .debug_macro   0x00000000000149b1      0x8ed ./Core/Src/button.o
 .debug_macro   0x000000000001529e       0x69 ./Core/Src/button.o
 .debug_macro   0x0000000000015307      0x148 ./Core/Src/button.o
 .debug_macro   0x000000000001544f       0x10 ./Core/Src/button.o
 .debug_macro   0x000000000001545f       0x10 ./Core/Src/button.o
 .debug_macro   0x000000000001546f      0x1d8 ./Core/Src/fsm.o
 .debug_macro   0x0000000000015647       0x16 ./Core/Src/fsm.o
 .debug_macro   0x000000000001565d       0x1c ./Core/Src/fsm.o
 .debug_macro   0x0000000000015679      0x1da ./Core/Src/global.o
 .debug_macro   0x0000000000015853      0x1f8 ./Core/Src/main.o
 .debug_macro   0x0000000000015a4b       0x16 ./Core/Src/main.o
 .debug_macro   0x0000000000015a61      0x149 ./Core/Src/sche.o
 .debug_macro   0x0000000000015baa       0x10 ./Core/Src/sche.o
 .debug_macro   0x0000000000015bba       0x52 ./Core/Src/sche.o
 .debug_macro   0x0000000000015c0c       0x18 ./Core/Src/sche.o
 .debug_macro   0x0000000000015c24       0x3c ./Core/Src/sche.o
 .debug_macro   0x0000000000015c60       0x34 ./Core/Src/sche.o
 .debug_macro   0x0000000000015c94       0x16 ./Core/Src/sche.o
 .debug_macro   0x0000000000015caa       0x43 ./Core/Src/sche.o
 .debug_macro   0x0000000000015ced       0x34 ./Core/Src/sche.o
 .debug_macro   0x0000000000015d21       0x10 ./Core/Src/sche.o
 .debug_macro   0x0000000000015d31       0x58 ./Core/Src/sche.o
 .debug_macro   0x0000000000015d89       0x71 ./Core/Src/sche.o
 .debug_macro   0x0000000000015dfa       0x1c ./Core/Src/sche.o
 .debug_macro   0x0000000000015e16      0x12a ./Core/Src/sche.o
 .debug_macro   0x0000000000015f40      0x339 ./Core/Src/sche.o
 .debug_macro   0x0000000000016279       0x10 ./Core/Src/sche.o
 .debug_macro   0x0000000000016289       0x35 ./Core/Src/sche.o
 .debug_macro   0x00000000000162be       0x20 ./Core/Src/sche.o
 .debug_macro   0x00000000000162de      0x1b6 ./Core/Src/software_timer.o
 .debug_macro   0x0000000000016494      0x1a6 ./Core/Src/stm32f1xx_hal_msp.o
 .debug_macro   0x000000000001663a      0x1b0 ./Core/Src/stm32f1xx_it.o
 .debug_macro   0x00000000000167ea      0x197 ./Core/Src/system_stm32f1xx.o
 .debug_macro   0x0000000000016981      0x1bb ./Drivers/STM32F1xx_HAL_Driver/Src/stm32f1xx_hal.o
 .debug_macro   0x0000000000016b3c      0x197 ./Drivers/STM32F1xx_HAL_Driver/Src/stm32f1xx_hal_cortex.o
 .debug_macro   0x0000000000016cd3      0x202 ./Drivers/STM32F1xx_HAL_Driver/Src/stm32f1xx_hal_gpio.o
 .debug_macro   0x0000000000016ed5      0x1a9 ./Drivers/STM32F1xx_HAL_Driver/Src/stm32f1xx_hal_rcc.o
 .debug_macro   0x000000000001707e      0x198 ./Drivers/STM32F1xx_HAL_Driver/Src/stm32f1xx_hal_tim.o
 .debug_macro   0x0000000000017216      0x197 ./Drivers/STM32F1xx_HAL_Driver/Src/stm32f1xx_hal_tim_ex.o

.debug_line     0x0000000000000000     0xb9bd
 .debug_line    0x0000000000000000      0x7ed ./Core/Src/button.o
 .debug_line    0x00000000000007ed      0x709 ./Core/Src/fsm.o
 .debug_line    0x0000000000000ef6      0xa20 ./Core/Src/global.o
 .debug_line    0x0000000000001916      0x7ea ./Core/Src/main.o
 .debug_line    0x0000000000002100      0x604 ./Core/Src/sche.o
 .debug_line    0x0000000000002704      0x732 ./Core/Src/software_timer.o
 .debug_line    0x0000000000002e36      0x6a1 ./Core/Src/stm32f1xx_hal_msp.o
 .debug_line    0x00000000000034d7      0x73f ./Core/Src/stm32f1xx_it.o
 .debug_line    0x0000000000003c16      0x6e3 ./Core/Src/system_stm32f1xx.o
 .debug_line    0x00000000000042f9       0x86 ./Core/Startup/startup_stm32f103c6ux.o
 .debug_line    0x000000000000437f      0x910 ./Drivers/STM32F1xx_HAL_Driver/Src/stm32f1xx_hal.o
 .debug_line    0x0000000000004c8f      0xaf8 ./Drivers/STM32F1xx_HAL_Driver/Src/stm32f1xx_hal_cortex.o
 .debug_line    0x0000000000005787      0x993 ./Drivers/STM32F1xx_HAL_Driver/Src/stm32f1xx_hal_gpio.o
 .debug_line    0x000000000000611a      0xd1c ./Drivers/STM32F1xx_HAL_Driver/Src/stm32f1xx_hal_rcc.o
 .debug_line    0x0000000000006e36     0x3361 ./Drivers/STM32F1xx_HAL_Driver/Src/stm32f1xx_hal_tim.o
 .debug_line    0x000000000000a197     0x1826 ./Drivers/STM32F1xx_HAL_Driver/Src/stm32f1xx_hal_tim_ex.o

.debug_str      0x0000000000000000    0x8591f
 .debug_str     0x0000000000000000    0x7f9dd ./Core/Src/button.o
                                      0x7fd4c (size before relaxing)
 .debug_str     0x000000000007f9dd      0x10d ./Core/Src/fsm.o
                                      0x7fd52 (size before relaxing)
 .debug_str     0x000000000007faea      0x179 ./Core/Src/global.o
                                      0x7fe74 (size before relaxing)
 .debug_str     0x000000000007fc63      0x78b ./Core/Src/main.o
                                      0x804f6 (size before relaxing)
 .debug_str     0x00000000000803ee     0x323f ./Core/Src/sche.o
                                       0x72f8 (size before relaxing)
 .debug_str     0x000000000008362d       0xae ./Core/Src/software_timer.o
                                      0x7fc67 (size before relaxing)
 .debug_str     0x00000000000836db      0x2ba ./Core/Src/stm32f1xx_hal_msp.o
                                      0x8036e (size before relaxing)
 .debug_str     0x0000000000083995       0xcd ./Core/Src/stm32f1xx_it.o
                                      0x800d0 (size before relaxing)
 .debug_str     0x0000000000083a62       0x52 ./Core/Src/system_stm32f1xx.o
                                      0x7f788 (size before relaxing)
 .debug_str     0x0000000000083ab4       0x36 ./Core/Startup/startup_stm32f103c6ux.o
                                         0x7c (size before relaxing)
 .debug_str     0x0000000000083aea      0x304 ./Drivers/STM32F1xx_HAL_Driver/Src/stm32f1xx_hal.o
                                      0x7fddf (size before relaxing)
 .debug_str     0x0000000000083dee      0x300 ./Drivers/STM32F1xx_HAL_Driver/Src/stm32f1xx_hal_cortex.o
                                      0x7fde7 (size before relaxing)
 .debug_str     0x00000000000840ee      0x316 ./Drivers/STM32F1xx_HAL_Driver/Src/stm32f1xx_hal_gpio.o
                                      0x7fb4c (size before relaxing)
 .debug_str     0x0000000000084404      0x24f ./Drivers/STM32F1xx_HAL_Driver/Src/stm32f1xx_hal_rcc.o
                                      0x7fb85 (size before relaxing)
 .debug_str     0x0000000000084653      0xdde ./Drivers/STM32F1xx_HAL_Driver/Src/stm32f1xx_hal_tim.o
                                      0x80b6e (size before relaxing)
 .debug_str     0x0000000000085431      0x4ee ./Drivers/STM32F1xx_HAL_Driver/Src/stm32f1xx_hal_tim_ex.o
                                      0x8030f (size before relaxing)

.comment        0x0000000000000000       0x53
 .comment       0x0000000000000000       0x53 ./Core/Src/button.o
                                         0x54 (size before relaxing)
 .comment       0x0000000000000053       0x54 ./Core/Src/fsm.o
 .comment       0x0000000000000053       0x54 ./Core/Src/global.o
 .comment       0x0000000000000053       0x54 ./Core/Src/main.o
 .comment       0x0000000000000053       0x54 ./Core/Src/sche.o
 .comment       0x0000000000000053       0x54 ./Core/Src/software_timer.o
 .comment       0x0000000000000053       0x54 ./Core/Src/stm32f1xx_hal_msp.o
 .comment       0x0000000000000053       0x54 ./Core/Src/stm32f1xx_it.o
 .comment       0x0000000000000053       0x54 ./Core/Src/system_stm32f1xx.o
 .comment       0x0000000000000053       0x54 ./Drivers/STM32F1xx_HAL_Driver/Src/stm32f1xx_hal.o
 .comment       0x0000000000000053       0x54 ./Drivers/STM32F1xx_HAL_Driver/Src/stm32f1xx_hal_cortex.o
 .comment       0x0000000000000053       0x54 ./Drivers/STM32F1xx_HAL_Driver/Src/stm32f1xx_hal_gpio.o
 .comment       0x0000000000000053       0x54 ./Drivers/STM32F1xx_HAL_Driver/Src/stm32f1xx_hal_rcc.o
 .comment       0x0000000000000053       0x54 ./Drivers/STM32F1xx_HAL_Driver/Src/stm32f1xx_hal_tim.o
 .comment       0x0000000000000053       0x54 ./Drivers/STM32F1xx_HAL_Driver/Src/stm32f1xx_hal_tim_ex.o

.debug_frame    0x0000000000000000     0x2b3c
 .debug_frame   0x0000000000000000      0x108 ./Core/Src/button.o
 .debug_frame   0x0000000000000108       0x88 ./Core/Src/fsm.o
 .debug_frame   0x0000000000000190      0x20c ./Core/Src/global.o
 .debug_frame   0x000000000000039c       0xd4 ./Core/Src/main.o
 .debug_frame   0x0000000000000470       0xc0 ./Core/Src/sche.o
 .debug_frame   0x0000000000000530      0x11c ./Core/Src/software_timer.o
 .debug_frame   0x000000000000064c       0x80 ./Core/Src/stm32f1xx_hal_msp.o
 .debug_frame   0x00000000000006cc      0x120 ./Core/Src/stm32f1xx_it.o
 .debug_frame   0x00000000000007ec       0x58 ./Core/Src/system_stm32f1xx.o
 .debug_frame   0x0000000000000844      0x334 ./Drivers/STM32F1xx_HAL_Driver/Src/stm32f1xx_hal.o
 .debug_frame   0x0000000000000b78      0x428 ./Drivers/STM32F1xx_HAL_Driver/Src/stm32f1xx_hal_cortex.o
 .debug_frame   0x0000000000000fa0      0x14c ./Drivers/STM32F1xx_HAL_Driver/Src/stm32f1xx_hal_gpio.o
 .debug_frame   0x00000000000010ec      0x218 ./Drivers/STM32F1xx_HAL_Driver/Src/stm32f1xx_hal_rcc.o
 .debug_frame   0x0000000000001304     0x11b4 ./Drivers/STM32F1xx_HAL_Driver/Src/stm32f1xx_hal_tim.o
 .debug_frame   0x00000000000024b8      0x638 ./Drivers/STM32F1xx_HAL_Driver/Src/stm32f1xx_hal_tim_ex.o
 .debug_frame   0x0000000000002af0       0x2c c:/st/stm32cubeide_1.7.0/stm32cubeide/plugins/com.st.stm32cube.ide.mcu.externaltools.gnu-tools-for-stm32.9-2020-q2-update.win32_2.0.0.202105311346/tools/bin/../lib/gcc/arm-none-eabi/9.3.1/../../../../arm-none-eabi/lib/thumb/v7-m/nofp\libc_nano.a(lib_a-init.o)
 .debug_frame   0x0000000000002b1c       0x20 c:/st/stm32cubeide_1.7.0/stm32cubeide/plugins/com.st.stm32cube.ide.mcu.externaltools.gnu-tools-for-stm32.9-2020-q2-update.win32_2.0.0.202105311346/tools/bin/../lib/gcc/arm-none-eabi/9.3.1/../../../../arm-none-eabi/lib/thumb/v7-m/nofp\libc_nano.a(lib_a-memset.o)
